diff -b OUT.TEST/out1.txt OUT.RT/out1.txt
diff -b OUT.TEST/out2.txt OUT.RT/out2.txt
cmp OUT.TEST/infections1.txt OUT.RT/infections1.txt
cmp OUT.TEST/infections2.txt OUT.RT/infections2.txt
